
Source        Description      HotFixID      InstalledBy          InstalledOn              
------        -----------      --------      -----------          -----------              
EC2AMAZ-DP... Update           KB5126048     EC2AMAZ-DPHCH5S\P... 9/11/2026 12:00:00 AM    
EC2AMAZ-DP... Update           KB4470502     NT AUTHORITY\SYSTEM  12/12/2018 12:00:00 AM   
EC2AMAZ-DP... Security Update  KB4470788     NT AUTHORITY\SYSTEM  12/12/2018 12:00:00 AM   
EC2AMAZ-DP... Update           KB4480056     NT AUTHORITY\SYSTEM  1/9/2019 12:00:00 AM     
EC2AMAZ-DP... Update           KB4486153     NT AUTHORITY\SYSTEM  3/11/2021 12:00:00 AM    
EC2AMAZ-DP... Security Update  KB4493510     NT AUTHORITY\SYSTEM  4/21/2019 12:00:00 AM    
EC2AMAZ-DP... Security Update  KB4499728     NT AUTHORITY\SYSTEM  5/15/2019 12:00:00 AM    
EC2AMAZ-DP... Security Update  KB4504369     NT AUTHORITY\SYSTEM  6/12/2019 12:00:00 AM    
EC2AMAZ-DP... Security Update  KB4512577     NT AUTHORITY\SYSTEM  9/11/2019 12:00:00 AM    
EC2AMAZ-DP... Security Update  KB4512937     NT AUTHORITY\SYSTEM  9/6/2019 12:00:00 AM     
EC2AMAZ-DP... Security Update  KB4521862     NT AUTHORITY\SYSTEM  10/9/2019 12:00:00 AM    
EC2AMAZ-DP... Security Update  KB4523204     NT AUTHORITY\SYSTEM  11/13/2019 12:00:00 AM   
EC2AMAZ-DP... Security Update  KB4535680     NT AUTHORITY\SYSTEM  1/13/2021 12:00:00 AM    
EC2AMAZ-DP... Security Update  KB4539571     NT AUTHORITY\SYSTEM  3/18/2020 12:00:00 AM    
EC2AMAZ-DP... Security Update  KB4549947     NT AUTHORITY\SYSTEM  4/15/2020 12:00:00 AM    
EC2AMAZ-DP... Security Update  KB4558997     NT AUTHORITY\SYSTEM  7/15/2020 12:00:00 AM    
EC2AMAZ-DP... Security Update  KB4562562     NT AUTHORITY\SYSTEM  6/10/2020 12:00:00 AM    
EC2AMAZ-DP... Security Update  KB4566424     NT AUTHORITY\SYSTEM  8/12/2020 12:00:00 AM    
EC2AMAZ-DP... Security Update  KB4570332     NT AUTHORITY\SYSTEM  9/9/2020 12:00:00 AM     
EC2AMAZ-DP... Security Update  KB4577667     NT AUTHORITY\SYSTEM  10/14/2020 12:00:00 AM   
EC2AMAZ-DP... Security Update  KB4587735     NT AUTHORITY\SYSTEM  11/11/2020 12:00:00 AM   
EC2AMAZ-DP... Update           KB4589208     NT AUTHORITY\SYSTEM  3/11/2021 12:00:00 AM    
EC2AMAZ-DP... Security Update  KB4598480     NT AUTHORITY\SYSTEM  1/13/2021 12:00:00 AM    
EC2AMAZ-DP... Security Update  KB4601393     NT AUTHORITY\SYSTEM  2/10/2021 12:00:00 AM    
EC2AMAZ-DP... Security Update  KB5000859     NT AUTHORITY\SYSTEM  3/11/2021 12:00:00 AM    
EC2AMAZ-DP... Security Update  KB5001404     NT AUTHORITY\SYSTEM  4/14/2021 12:00:00 AM    
EC2AMAZ-DP... Security Update  KB5003243     NT AUTHORITY\SYSTEM  5/12/2021 12:00:00 AM    
EC2AMAZ-DP... Security Update  KB5003711     NT AUTHORITY\SYSTEM  6/9/2021 12:00:00 AM     
EC2AMAZ-DP... Security Update  KB5005112     NT AUTHORITY\SYSTEM  8/11/2021 12:00:00 AM    
EC2AMAZ-DP... Security Update  KB5122876     NT AUTHORITY\SYSTEM  9/11/2026 12:00:00 AM    
EC2AMAZ-DP... Update           KB5006754     NT AUTHORITY\SYSTEM  11/10/2021 12:00:00 AM   
EC2AMAZ-DP... Security Update  KB5008287     NT AUTHORITY\SYSTEM  12/15/2021 12:00:00 AM   
EC2AMAZ-DP... Update           KB5009642     NT AUTHORITY\SYSTEM  2/10/2022 12:00:00 AM    
EC2AMAZ-DP... Update           KB5011574     NT AUTHORITY\SYSTEM  4/13/2022 12:00:00 AM    
EC2AMAZ-DP... Update           KB5012675     NT AUTHORITY\SYSTEM  5/11/2022 12:00:00 AM    
EC2AMAZ-DP... Update           KB5014031     NT AUTHORITY\SYSTEM  6/15/2022 12:00:00 AM    
EC2AMAZ-DP... Update           KB5014797     NT AUTHORITY\SYSTEM  7/13/2022 12:00:00 AM    
EC2AMAZ-DP... Update           KB5015896     NT AUTHORITY\SYSTEM  8/10/2022 12:00:00 AM    
EC2AMAZ-DP... Update           KB5017400     NT AUTHORITY\SYSTEM  10/12/2022 12:00:00 AM   
EC2AMAZ-DP... Security Update  KB5020374     NT AUTHORITY\SYSTEM  11/10/2022 12:00:00 AM   
EC2AMAZ-DP... Security Update  KB5023789     NT AUTHORITY\SYSTEM  3/15/2023 12:00:00 AM    
EC2AMAZ-DP... Security Update  KB5028316     NT AUTHORITY\SYSTEM  7/12/2023 12:00:00 AM    
EC2AMAZ-DP... Security Update  KB5030505     NT AUTHORITY\SYSTEM  9/13/2023 12:00:00 AM    
EC2AMAZ-DP... Security Update  KB5031589     NT AUTHORITY\SYSTEM  10/11/2023 12:00:00 AM   
EC2AMAZ-DP... Security Update  KB5032306     NT AUTHORITY\SYSTEM  12/13/2023 12:00:00 AM   
EC2AMAZ-DP... Security Update  KB5034863     NT AUTHORITY\SYSTEM  2/14/2024 12:00:00 AM    
EC2AMAZ-DP... Security Update  KB5035963     NT AUTHORITY\SYSTEM  3/13/2024 12:00:00 AM    
EC2AMAZ-DP... Security Update  KB5037017     NT AUTHORITY\SYSTEM  4/10/2024 12:00:00 AM    
EC2AMAZ-DP... Security Update  KB5039335     NT AUTHORITY\SYSTEM  6/13/2024 12:00:00 AM    
EC2AMAZ-DP... Security Update  KB5040563     NT AUTHORITY\SYSTEM  7/10/2024 12:00:00 AM    
EC2AMAZ-DP... Security Update  KB5041577     NT AUTHORITY\SYSTEM  8/14/2024 12:00:00 AM    
EC2AMAZ-DP... Security Update  KB5043126     NT AUTHORITY\SYSTEM  9/11/2024 12:00:00 AM    
EC2AMAZ-DP... Security Update  KB5050110     NT AUTHORITY\SYSTEM  1/15/2025 12:00:00 AM    
EC2AMAZ-DP... Security Update  KB5054007     NT AUTHORITY\SYSTEM  3/12/2025 12:00:00 AM    
EC2AMAZ-DP... Security Update  KB5055662     NT AUTHORITY\SYSTEM  4/10/2025 12:00:00 AM    
EC2AMAZ-DP... Security Update  KB5058525     NT AUTHORITY\SYSTEM  5/15/2025 12:00:00 AM    
EC2AMAZ-DP... Security Update  KB5062800     NT AUTHORITY\SYSTEM  7/9/2025 12:00:00 AM     
EC2AMAZ-DP... Security Update  KB5065765     NT AUTHORITY\SYSTEM  9/11/2025 12:00:00 AM    
EC2AMAZ-DP... Security Update  KB5066585     NT AUTHORITY\SYSTEM  10/15/2025 12:00:00 AM   
EC2AMAZ-DP... Security Update  KB5070248     NT AUTHORITY\SYSTEM  11/12/2025 12:00:00 AM   
EC2AMAZ-DP... Security Update  KB5074222     NT AUTHORITY\SYSTEM  1/14/2026 12:00:00 AM    
EC2AMAZ-DP... Security Update  KB5075903     NT AUTHORITY\SYSTEM  2/12/2026 12:00:00 AM    
EC2AMAZ-DP... Security Update  KB5082118     NT AUTHORITY\SYSTEM  4/15/2026 12:00:00 AM    
EC2AMAZ-DP... Security Update  KB5089760     NT AUTHORITY\SYSTEM  5/13/2026 12:00:00 AM    
EC2AMAZ-DP... Security Update  KB5094143     NT AUTHORITY\SYSTEM  6/10/2026 12:00:00 AM    
EC2AMAZ-DP... Security Update  KB5104020     NT AUTHORITY\SYSTEM  7/15/2026 12:00:00 AM    
EC2AMAZ-DP... Security Update  KB5122875     NT AUTHORITY\SYSTEM  9/11/2026 12:00:00 AM    
EC2AMAZ-DP... Security Update  KB5005701     NT AUTHORITY\SYSTEM  9/15/2021 12:00:00 AM    


